long-upper-hinge0-high-left--quiet reward=54.382433335016344 complete=true replay=true
long-upper-hinge0-high-left--constant_negative reward=52.1293200500248 complete=true replay=true
long-upper-hinge0-high-left--constant_positive reward=51.5062470102281 complete=true replay=true
long-upper-hinge0-high-left--square_2s reward=54.28297447498581 complete=true replay=true
long-upper-hinge0-high-left--square_4s reward=53.699152398384356 complete=true replay=true
long-upper-hinge0-high-left--sensor_search_hold reward=57.18350284091404 complete=true replay=true
long-upper-hinge0-high-left--learner-101 reward=56.47223500398534 complete=true replay=true
long-upper-hinge0-high-left--learner-202 reward=55.56704948531111 complete=true replay=true
long-upper-hinge0-high-left--learner-303 reward=56.11101946212378 complete=true replay=true
long-upper-hinge0-high-right--quiet reward=55.90341228875086 complete=true replay=true
long-upper-hinge0-high-right--constant_negative reward=54.3418372340378 complete=true replay=true
long-upper-hinge0-high-right--constant_positive reward=53.72296843369547 complete=true replay=true
long-upper-hinge0-high-right--square_2s reward=55.96830485337744 complete=true replay=true
long-upper-hinge0-high-right--square_4s reward=55.63101264076328 complete=true replay=true
long-upper-hinge0-high-right--sensor_search_hold reward=58.829654976294215 complete=true replay=true
long-upper-hinge0-high-right--learner-101 reward=57.779897632053114 complete=true replay=true
long-upper-hinge0-high-right--learner-202 reward=57.73840197719737 complete=true replay=true
long-upper-hinge0-high-right--learner-303 reward=57.792197764630394 complete=true replay=true
long-upper-hinge0-lower-left--quiet reward=-0.022000000000000006 complete=true replay=true
long-upper-hinge0-lower-left--constant_negative reward=5.114010891219859 complete=true replay=true
long-upper-hinge0-lower-left--constant_positive reward=-0.7782356625585978 complete=true replay=true
long-upper-hinge0-lower-left--square_2s reward=8.099521039366143 complete=true replay=true
long-upper-hinge0-lower-left--square_4s reward=3.6973767491386216 complete=true replay=true
long-upper-hinge0-lower-left--sensor_search_hold reward=0.22166540075491575 complete=true replay=true
long-upper-hinge0-lower-left--learner-101 reward=7.803206164702958 complete=true replay=true
long-upper-hinge0-lower-left--learner-202 reward=9.727529603677736 complete=true replay=true
long-upper-hinge0-lower-left--learner-303 reward=10.417114664788398 complete=true replay=true
long-upper-hinge0-lower-right--quiet reward=-0.022000000000000006 complete=true replay=true
long-upper-hinge0-lower-right--constant_negative reward=-0.35993963438803384 complete=true replay=true
long-upper-hinge0-lower-right--constant_positive reward=5.0237338365155955 complete=true replay=true
long-upper-hinge0-lower-right--square_2s reward=8.88705027101729 complete=true replay=true
long-upper-hinge0-lower-right--square_4s reward=4.1790772742745075 complete=true replay=true
long-upper-hinge0-lower-right--sensor_search_hold reward=0.24383233170150656 complete=true replay=true
long-upper-hinge0-lower-right--learner-101 reward=8.059282944940433 complete=true replay=true
long-upper-hinge0-lower-right--learner-202 reward=13.494471533124445 complete=true replay=true
long-upper-hinge0-lower-right--learner-303 reward=8.35603861013753 complete=true replay=true
long-upper-hinge1-high-left--quiet reward=54.382433335016344 complete=true replay=true
long-upper-hinge1-high-left--constant_negative reward=34.390095736984954 complete=true replay=true
long-upper-hinge1-high-left--constant_positive reward=22.006578333318373 complete=true replay=true
long-upper-hinge1-high-left--square_2s reward=47.68462941232901 complete=true replay=true
long-upper-hinge1-high-left--square_4s reward=28.74540627169721 complete=true replay=true
long-upper-hinge1-high-left--sensor_search_hold reward=50.35783463629531 complete=true replay=true
long-upper-hinge1-high-left--learner-101 reward=53.11008710191277 complete=true replay=true
long-upper-hinge1-high-left--learner-202 reward=53.936893062073295 complete=true replay=true
long-upper-hinge1-high-left--learner-303 reward=50.57813325481159 complete=true replay=true
long-upper-hinge1-high-right--quiet reward=55.90341228875086 complete=true replay=true
long-upper-hinge1-high-right--constant_negative reward=22.202754554035085 complete=true replay=true
long-upper-hinge1-high-right--constant_positive reward=33.9472912215736 complete=true replay=true
long-upper-hinge1-high-right--square_2s reward=47.86610612957767 complete=true replay=true
long-upper-hinge1-high-right--square_4s reward=28.461456875008 complete=true replay=true
long-upper-hinge1-high-right--sensor_search_hold reward=49.53584773212787 complete=true replay=true
long-upper-hinge1-high-right--learner-101 reward=54.0293939646307 complete=true replay=true
long-upper-hinge1-high-right--learner-202 reward=52.329705033107565 complete=true replay=true
long-upper-hinge1-high-right--learner-303 reward=53.446725510804626 complete=true replay=true
long-upper-hinge1-lower-left--quiet reward=-0.022000000000000006 complete=true replay=true
long-upper-hinge1-lower-left--constant_negative reward=39.32258759650569 complete=true replay=true
long-upper-hinge1-lower-left--constant_positive reward=21.57077199053249 complete=true replay=true
long-upper-hinge1-lower-left--square_2s reward=20.406583496114084 complete=true replay=true
long-upper-hinge1-lower-left--square_4s reward=30.341680765104535 complete=true replay=true
long-upper-hinge1-lower-left--sensor_search_hold reward=48.66793218929924 complete=true replay=true
long-upper-hinge1-lower-left--learner-101 reward=37.79421364620047 complete=true replay=true
long-upper-hinge1-lower-left--learner-202 reward=27.64436961160948 complete=true replay=true
long-upper-hinge1-lower-left--learner-303 reward=39.166251695928665 complete=true replay=true
long-upper-hinge1-lower-right--quiet reward=-0.022000000000000006 complete=true replay=true
long-upper-hinge1-lower-right--constant_negative reward=21.534636797024017 complete=true replay=true
long-upper-hinge1-lower-right--constant_positive reward=39.88212806409204 complete=true replay=true
long-upper-hinge1-lower-right--square_2s reward=20.688838750403637 complete=true replay=true
long-upper-hinge1-lower-right--square_4s reward=30.4271545886484 complete=true replay=true
long-upper-hinge1-lower-right--sensor_search_hold reward=50.102963436641154 complete=true replay=true
long-upper-hinge1-lower-right--learner-101 reward=35.5816916121284 complete=true replay=true
long-upper-hinge1-lower-right--learner-202 reward=38.18647989244829 complete=true replay=true
long-upper-hinge1-lower-right--learner-303 reward=26.435817397635926 complete=true replay=true
long-lower-hinge0-high-left--quiet reward=54.614193658294234 complete=true replay=true
long-lower-hinge0-high-left--constant_negative reward=53.67910762067607 complete=true replay=true
long-lower-hinge0-high-left--constant_positive reward=53.17231219637747 complete=true replay=true
long-lower-hinge0-high-left--square_2s reward=54.47297159586895 complete=true replay=true
long-lower-hinge0-high-left--square_4s reward=53.884854895898066 complete=true replay=true
long-lower-hinge0-high-left--sensor_search_hold reward=56.8318135186767 complete=true replay=true
long-lower-hinge0-high-left--learner-101 reward=55.54785569866146 complete=true replay=true
long-lower-hinge0-high-left--learner-202 reward=55.614311121710095 complete=true replay=true
long-lower-hinge0-high-left--learner-303 reward=55.741706432549044 complete=true replay=true
long-lower-hinge0-high-right--quiet reward=56.28675020522507 complete=true replay=true
long-lower-hinge0-high-right--constant_negative reward=55.88506734329957 complete=true replay=true
long-lower-hinge0-high-right--constant_positive reward=55.47694091795452 complete=true replay=true
long-lower-hinge0-high-right--square_2s reward=56.308905246785486 complete=true replay=true
long-lower-hinge0-high-right--square_4s reward=56.087988550954655 complete=true replay=true
long-lower-hinge0-high-right--sensor_search_hold reward=58.631413384373815 complete=true replay=true
long-lower-hinge0-high-right--learner-101 reward=57.91242763063035 complete=true replay=true
long-lower-hinge0-high-right--learner-202 reward=57.76128658655789 complete=true replay=true
long-lower-hinge0-high-right--learner-303 reward=57.75431595134224 complete=true replay=true
long-lower-hinge0-lower-left--quiet reward=-0.022000000000000006 complete=true replay=true
long-lower-hinge0-lower-left--constant_negative reward=4.4143792139299505 complete=true replay=true
long-lower-hinge0-lower-left--constant_positive reward=-0.2641686693441561 complete=true replay=true
long-lower-hinge0-lower-left--square_2s reward=3.6419037147685462 complete=true replay=true
long-lower-hinge0-lower-left--square_4s reward=2.4440062267504183 complete=true replay=true
long-lower-hinge0-lower-left--sensor_search_hold reward=0.0923445283220686 complete=true replay=true
long-lower-hinge0-lower-left--learner-101 reward=12.234773683176762 complete=true replay=true
long-lower-hinge0-lower-left--learner-202 reward=4.0384633296525925 complete=true replay=true
long-lower-hinge0-lower-left--learner-303 reward=5.515725791110422 complete=true replay=true
long-lower-hinge0-lower-right--quiet reward=-0.022000000000000006 complete=true replay=true
long-lower-hinge0-lower-right--constant_negative reward=-0.04318931848747499 complete=true replay=true
long-lower-hinge0-lower-right--constant_positive reward=4.50693842417504 complete=true replay=true
long-lower-hinge0-lower-right--square_2s reward=4.1093823804134875 complete=true replay=true
long-lower-hinge0-lower-right--square_4s reward=2.830970020850532 complete=true replay=true
long-lower-hinge0-lower-right--sensor_search_hold reward=0.03332340998056506 complete=true replay=true
long-lower-hinge0-lower-right--learner-101 reward=5.25520856847811 complete=true replay=true
long-lower-hinge0-lower-right--learner-202 reward=3.6341858226985893 complete=true replay=true
long-lower-hinge0-lower-right--learner-303 reward=3.5161150766303235 complete=true replay=true
long-lower-hinge1-high-left--quiet reward=54.614193658294234 complete=true replay=true
long-lower-hinge1-high-left--constant_negative reward=39.32936786057324 complete=true replay=true
long-lower-hinge1-high-left--constant_positive reward=19.99864904468267 complete=true replay=true
long-lower-hinge1-high-left--square_2s reward=51.081250218618834 complete=true replay=true
long-lower-hinge1-high-left--square_4s reward=29.859156192613842 complete=true replay=true
long-lower-hinge1-high-left--sensor_search_hold reward=51.533333323858834 complete=true replay=true
long-lower-hinge1-high-left--learner-101 reward=55.672424939382154 complete=true replay=true
long-lower-hinge1-high-left--learner-202 reward=54.50983845986496 complete=true replay=true
long-lower-hinge1-high-left--learner-303 reward=56.1974816473716 complete=true replay=true
long-lower-hinge1-high-right--quiet reward=56.28675020522507 complete=true replay=true
long-lower-hinge1-high-right--constant_negative reward=20.246055364252406 complete=true replay=true
long-lower-hinge1-high-right--constant_positive reward=38.744018340372065 complete=true replay=true
long-lower-hinge1-high-right--square_2s reward=51.93682338122027 complete=true replay=true
long-lower-hinge1-high-right--square_4s reward=29.175488131052184 complete=true replay=true
long-lower-hinge1-high-right--sensor_search_hold reward=50.89245196818101 complete=true replay=true
long-lower-hinge1-high-right--learner-101 reward=55.70877081395053 complete=true replay=true
long-lower-hinge1-high-right--learner-202 reward=54.57368788016361 complete=true replay=true
long-lower-hinge1-high-right--learner-303 reward=54.56294415416563 complete=true replay=true
long-lower-hinge1-lower-left--quiet reward=-0.022000000000000006 complete=true replay=true
long-lower-hinge1-lower-left--constant_negative reward=40.40313375900437 complete=true replay=true
long-lower-hinge1-lower-left--constant_positive reward=17.019405532715304 complete=true replay=true
long-lower-hinge1-lower-left--square_2s reward=16.576768098154915 complete=true replay=true
long-lower-hinge1-lower-left--square_4s reward=28.79283025642209 complete=true replay=true
long-lower-hinge1-lower-left--sensor_search_hold reward=48.72525474610807 complete=true replay=true
long-lower-hinge1-lower-left--learner-101 reward=38.65378343702774 complete=true replay=true
long-lower-hinge1-lower-left--learner-202 reward=34.86979090160881 complete=true replay=true
long-lower-hinge1-lower-left--learner-303 reward=39.07285226558457 complete=true replay=true
long-lower-hinge1-lower-right--quiet reward=-0.022000000000000006 complete=true replay=true
long-lower-hinge1-lower-right--constant_negative reward=17.017889027107937 complete=true replay=true
long-lower-hinge1-lower-right--constant_positive reward=41.3467779388166 complete=true replay=true
long-lower-hinge1-lower-right--square_2s reward=17.202724247000234 complete=true replay=true
long-lower-hinge1-lower-right--square_4s reward=29.04033183820515 complete=true replay=true
long-lower-hinge1-lower-right--sensor_search_hold reward=46.980802606085796 complete=true replay=true
long-lower-hinge1-lower-right--learner-101 reward=35.037877624901775 complete=true replay=true
long-lower-hinge1-lower-right--learner-202 reward=34.4366141880745 complete=true replay=true
long-lower-hinge1-lower-right--learner-303 reward=25.903611395434073 complete=true replay=true
weighted-hinge0-high-left--quiet reward=54.665413749961644 complete=true replay=true
weighted-hinge0-high-left--constant_negative reward=6.211850650962974 complete=false replay=true
weighted-hinge0-high-left--constant_positive reward=6.899679871473045 complete=false replay=true
weighted-hinge0-high-left--square_2s reward=54.64305659622791 complete=true replay=true
weighted-hinge0-high-left--square_4s reward=54.590713721175995 complete=true replay=true
weighted-hinge0-high-left--sensor_search_hold reward=57.031224219746605 complete=true replay=true
weighted-hinge0-high-left--learner-101 reward=55.3870357217989 complete=true replay=true
weighted-hinge0-high-left--learner-202 reward=14.280040231919516 complete=false replay=true
weighted-hinge0-high-left--learner-303 reward=42.088582076254504 complete=false replay=true
weighted-hinge0-high-right--quiet reward=55.700904006985525 complete=true replay=true
weighted-hinge0-high-right--constant_negative reward=6.998273765713456 complete=false replay=true
weighted-hinge0-high-right--constant_positive reward=6.337871873726177 complete=false replay=true
weighted-hinge0-high-right--square_2s reward=55.747390166089524 complete=true replay=true
weighted-hinge0-high-right--square_4s reward=55.7057552980957 complete=true replay=true
weighted-hinge0-high-right--sensor_search_hold reward=53.63643020070802 complete=true replay=true
weighted-hinge0-high-right--learner-101 reward=23.583585897010686 complete=false replay=true
weighted-hinge0-high-right--learner-202 reward=57.953479756922356 complete=true replay=true
weighted-hinge0-high-right--learner-303 reward=58.17000593615145 complete=true replay=true
weighted-hinge0-lower-left--quiet reward=-0.022000000000000006 complete=true replay=true
weighted-hinge0-lower-left--constant_negative reward=0.07113670889403091 complete=false replay=true
weighted-hinge0-lower-left--constant_positive reward=-0.022234601523427606 complete=false replay=true
weighted-hinge0-lower-left--square_2s reward=8.848468933041136 complete=true replay=true
weighted-hinge0-lower-left--square_4s reward=4.052156185125537 complete=true replay=true
weighted-hinge0-lower-left--sensor_search_hold reward=0.33847920495211004 complete=true replay=true
weighted-hinge0-lower-left--learner-101 reward=10.265428081436983 complete=true replay=true
weighted-hinge0-lower-left--learner-202 reward=10.823070826033982 complete=true replay=true
weighted-hinge0-lower-left--learner-303 reward=17.57814325258035 complete=true replay=true
weighted-hinge0-lower-right--quiet reward=-0.022000000000000006 complete=true replay=true
weighted-hinge0-lower-right--constant_negative reward=-0.024266908750186073 complete=false replay=true
weighted-hinge0-lower-right--constant_positive reward=-0.022234601523427606 complete=false replay=true
weighted-hinge0-lower-right--square_2s reward=6.802392544734202 complete=true replay=true
weighted-hinge0-lower-right--square_4s reward=3.368972388489661 complete=true replay=true
weighted-hinge0-lower-right--sensor_search_hold reward=0.1720982900465803 complete=true replay=true
weighted-hinge0-lower-right--learner-101 reward=7.537813806604091 complete=true replay=true
weighted-hinge0-lower-right--learner-202 reward=9.613645498992016 complete=true replay=true
weighted-hinge0-lower-right--learner-303 reward=7.214273538392394 complete=true replay=true
weighted-hinge1-high-left--quiet reward=54.653543439950575 complete=true replay=true
weighted-hinge1-high-left--constant_negative reward=33.64803288960742 complete=true replay=true
weighted-hinge1-high-left--constant_positive reward=18.38127997251069 complete=true replay=true
weighted-hinge1-high-left--square_2s reward=47.88035960149865 complete=true replay=true
weighted-hinge1-high-left--square_4s reward=25.975182157001818 complete=true replay=true
weighted-hinge1-high-left--sensor_search_hold reward=50.64429689512495 complete=true replay=true
weighted-hinge1-high-left--learner-101 reward=54.723333096029066 complete=true replay=true
weighted-hinge1-high-left--learner-202 reward=54.11131433744177 complete=true replay=true
weighted-hinge1-high-left--learner-303 reward=55.52756943336338 complete=true replay=true
weighted-hinge1-high-right--quiet reward=55.71045933444651 complete=true replay=true
weighted-hinge1-high-right--constant_negative reward=17.91304332428164 complete=true replay=true
weighted-hinge1-high-right--constant_positive reward=33.89032125546191 complete=true replay=true
weighted-hinge1-high-right--square_2s reward=45.19998658292727 complete=true replay=true
weighted-hinge1-high-right--square_4s reward=25.733244983166514 complete=true replay=true
weighted-hinge1-high-right--sensor_search_hold reward=49.691945195138345 complete=true replay=true
weighted-hinge1-high-right--learner-101 reward=55.643365545888116 complete=true replay=true
weighted-hinge1-high-right--learner-202 reward=53.095026740513966 complete=true replay=true
weighted-hinge1-high-right--learner-303 reward=53.42495529031285 complete=true replay=true
weighted-hinge1-lower-left--quiet reward=-0.022000000000000006 complete=true replay=true
weighted-hinge1-lower-left--constant_negative reward=41.493844751355816 complete=true replay=true
weighted-hinge1-lower-left--constant_positive reward=20.92910256150707 complete=true replay=true
weighted-hinge1-lower-left--square_2s reward=23.035283839910832 complete=true replay=true
weighted-hinge1-lower-left--square_4s reward=30.810305736738844 complete=true replay=true
weighted-hinge1-lower-left--sensor_search_hold reward=49.380939744323356 complete=true replay=true
weighted-hinge1-lower-left--learner-101 reward=39.806393142378866 complete=true replay=true
weighted-hinge1-lower-left--learner-202 reward=22.687102152929686 complete=true replay=true
weighted-hinge1-lower-left--learner-303 reward=36.23661632275973 complete=true replay=true
weighted-hinge1-lower-right--quiet reward=-0.022000000000000006 complete=true replay=true
weighted-hinge1-lower-right--constant_negative reward=21.278650783795786 complete=true replay=true
weighted-hinge1-lower-right--constant_positive reward=41.78922832375691 complete=true replay=true
weighted-hinge1-lower-right--square_2s reward=20.813236588869813 complete=true replay=true
weighted-hinge1-lower-right--square_4s reward=31.98705935151349 complete=true replay=true
weighted-hinge1-lower-right--sensor_search_hold reward=49.53447343660104 complete=true replay=true
weighted-hinge1-lower-right--learner-101 reward=38.13318939292108 complete=true replay=true
weighted-hinge1-lower-right--learner-202 reward=39.21065719730887 complete=true replay=true
weighted-hinge1-lower-right--learner-303 reward=26.471179211081697 complete=true replay=true
